bgym
bgyn
bgyo
bgyr
bgyt
bgyu
bgyv
bgyy
bgyz
bgzb
bgzc
bgzf
bgzg
bgzh
bgzi
bgzj
bgzm
bgzn
bgzo
bgzr
bgzt
bgzu
bgzv
bgzy
bgzz
bhbb
bhbc
bhbf
bhbg
bhbh
bhbi
bhbj
bhbm
bhbn
bhbo
bhbr
bhbt
bhbu
bhbv
bhby
bhbz
bhcb
bhcc
bhcf
bhcg
bhch
bhci
bhcj
bhcm
bhcn
bhco
bhcr
bhct
bhcu
bhcv
bhcy
bhcz
bhfb
bhfc
bhff
bhfg
bhfh
bhfi
bhfj
bhfm
bhfn
bhfo
bhfr
bhft
bhfu
bhfv
bhfy
bhfz
bhgb
bhgc
bhgf
bhgg
bhgh
bhgi
bhgj
bhgm
bhgn
bhgo
bhgr
bhgt
bhgu
bhgv
bhgy
bhgz
bhhb
bhhc
bhhf
bhhg
bhhh
bhhi
bhhj
bhhm
bhhn
bhho
bhhr
