fjre
fjrf
fjrg
fjri
fjrj
fjrk
fjrl
fjrm
fjrn
fjro
fjrp
fjrq
fjrr
fjrs
fjrt
fjru
fjrv
fjrw
fjrx
fjry
fjrz
fjsb
fjsc
fjse
fjsf
fjsg
fjsi
fjsj
fjsk
fjsl
fjsm
fjsn
fjso
fjsp
fjsq
fjsr
fjss
fjst
fjsu
fjsv
fjsw
fjsx
fjsy
fjsz
fjtb
fjtc
fjte
fjtf
fjtg
fjti
fjtj
fjtk
fjtl
fjtm
fjtn
fjto
fjtp
fjtq
fjtr
fjts
fjtt
fjtu
fjtv
fjtw
fjtx
fjty
fjtz
fjub
fjuc
fjue
fjuf
fjug
fjui
fjuj
fjuk
fjul
fjum
fjun
fjuo
fjup
fjuq
fjur
fjus
fjut
fjuu
fjuv
fjuw
fjux
fjuy
fjuz
fjvb
fjvc
fjve
fjvf
fjvg
fjvi
fjvj
fjvk
fjvl
fjvm
