0: corrupt
1: corrupt
2: dropped
3: valid wexsbjeykuaxfsaniv
4: corrupt
5: valid qmrsjwkkkthznrduqhw
6: corrupt
7: valid fqhiebznokytmwrf
8: dropped
9: dropped
10: corrupt
11: dropped
12: valid shhetybehgtcy
13: corrupt
14: valid oqvjydntdq
15: corrupt
16: dropped
17: valid ssrjnajsncvezid
18: dropped
19: corrupt
20: dropped
21: corrupt
22: dropped
23: valid znzkhnef
24: corrupt
25: valid wpewdadrclq
26: valid bbbhg
27: dropped
28: valid n
29: corrupt
30: valid ostkvvnozaetohupoaol
31: valid wlmrmvhqkvif
32: valid lujobwffrbssczp
33: dropped
34: corrupt
35: dropped
36: valid gkq
37: dropped
38: corrupt
39: corrupt
40: dropped
41: valid jbg
42: dropped
43: corrupt
44: valid cyvhkhqdcjmg
45: dropped
46: corrupt
47: dropped
48: corrupt
49: corrupt
50: dropped
51: corrupt
52: corrupt
53: valid jpushsbeufnonzedzdh
54: corrupt
55: valid fdc
56: dropped
57: corrupt
58: valid wwkz
59: corrupt
60: dropped
61: dropped
62: dropped
63: valid pkfmjzcanumx
64: corrupt
65: valid jzpoa
66: dropped
67: dropped
68: dropped
69: corrupt
70: valid havgol
71: corrupt
72: valid ganpckvtvnjwszekdnda
73: corrupt
74: valid hck
75: dropped
76: corrupt
77: dropped
78: valid xqoeywxxhufwbrirvbpp
79: valid hpdcqudm
80: corrupt
81: dropped
82: corrupt
83: valid ok
84: corrupt
85: corrupt
86: dropped
87: valid goyraszmj
88: dropped
89: dropped
90: valid zanlmwfkw
91: dropped
92: dropped
93: dropped
94: valid xhw
95: valid p
96: dropped
97: dropped
98: corrupt
99: valid rvooem
100: dropped
101: dropped
102: valid rfrbbhhpko
103: valid f
104: dropped
105: corrupt
106: dropped
107: valid layzfnbmcosfdxugsw
108: corrupt
109: valid zliokbfwvllejhreznt
110: valid cobsexetlwvyfjigofc
111: corrupt
112: dropped
113: dropped
114: dropped
115: dropped
116: dropped
117: corrupt
118: corrupt
119: corrupt
120: valid ykjmsrjjmiiaj
121: corrupt
122: corrupt
123: dropped
124: corrupt
125: dropped
126: dropped
127: corrupt
128: dropped
129: corrupt
130: corrupt
131: valid tcqnegpv
132: dropped
133: dropped
134: dropped
135: dropped
136: valid bub
137: dropped
138: corrupt
139: corrupt
140: dropped
141: dropped
142: corrupt
143: valid mpnooogphepdkhw
144: dropped
145: corrupt
146: valid kcxqtbaaxzouqndni
147: valid z
148: corrupt
149: valid rdzswghobw
150: valid berius
151: dropped
152: dropped
153: corrupt
154: dropped
155: dropped
156: dropped
157: valid a
158: corrupt
159: corrupt
160: dropped
161: corrupt
162: valid kolrzpyw
163: dropped
164: corrupt
165: corrupt
166: valid zveohbjdlr
167: valid zcrrbrdb
168: corrupt
169: valid evov
170: dropped
171: corrupt
172: corrupt
173: dropped
174: corrupt
175: corrupt
176: valid ylv
177: valid dyijhj
178: corrupt
179: corrupt
180: valid gox
181: dropped
182: corrupt
183: corrupt
184: dropped
185: valid ojfpogyhpcdybf
186: valid nwzsjoyscoiaw
187: corrupt
188: valid ceea
189: dropped
190: corrupt
191: corrupt
192: valid ncn
193: corrupt
194: dropped
195: valid waehnxumtozydvhlu
196: valid zqhcqrlhsafwy
197: dropped
198: corrupt
199: dropped
200: valid oycohrxlclrywvlklyz
201: dropped
202: dropped
203: corrupt
204: dropped
205: corrupt
206: corrupt
207: valid aycgrglagnghwooubgwt
208: corrupt
209: dropped
210: corrupt
211: valid wshhrnqfkcavlywta
212: corrupt
213: dropped
214: valid fccbyujfnyxtiavdntz
215: valid wajejf
216: corrupt
217: dropped
218: valid tianu
219: valid mazcpttw
220: dropped
221: dropped
222: dropped
223: valid hsedmxhyufa
224: corrupt
225: corrupt
226: dropped
227: dropped
228: valid lrbfytmjsk
229: corrupt
230: valid chpmdurgqdkffzm
231: dropped
232: corrupt
233: dropped
234: valid nvf
235: dropped
236: valid tqikvwjohvt
237: valid glk
238: dropped
239: valid chknucbdzsw
240: dropped
241: dropped
242: dropped
243: corrupt
244: corrupt
245: corrupt
246: corrupt
247: dropped
248: dropped
249: dropped
250: valid igaigjjhxlwi
251: corrupt
252: corrupt
253: valid fxsgnnvb
254: valid kzwimfmiyyhgyvhxcac
255: dropped
256: valid otzqxb
257: corrupt
258: valid gmkaz
259: corrupt
260: corrupt
261: dropped
262: corrupt
263: valid aurj
264: valid qdlurveawg
265: dropped
266: valid ixxlimf
267: corrupt
268: dropped
269: corrupt
270: dropped
271: valid uaiqcudntlqugnrxoml
272: corrupt
273: dropped
274: dropped
275: dropped
276: corrupt
277: corrupt
278: corrupt
279: dropped
280: dropped
281: dropped
282: corrupt
283: valid vtdbyiaqrcxyayyvdl
284: corrupt
285: dropped
286: corrupt
287: corrupt
288: corrupt
289: corrupt
290: corrupt
291: dropped
292: corrupt
293: dropped
294: valid xndhugzayt
295: dropped
296: corrupt
297: corrupt
298: valid wggcjbvisrkrghpl
299: valid jm
300: corrupt
301: valid dwwldmwljiym
302: dropped
303: dropped
304: corrupt
305: corrupt
306: valid ualeuzlwxdgrap
307: dropped
308: dropped
309: corrupt
310: dropped
311: corrupt
312: corrupt
313: valid kc
314: corrupt
315: corrupt
316: corrupt
317: dropped
318: corrupt
319: valid ucjenagxj
320: dropped
321: corrupt
322: valid bd
323: corrupt
324: valid swptimvcklfqqzf
325: corrupt
326: corrupt
327: dropped
328: corrupt
329: dropped
330: dropped
331: corrupt
332: valid ohqezgflxafmmhzugrf
333: dropped
334: valid ll
335: corrupt
336: valid x
337: valid ourkubkyyv
338: dropped
339: corrupt
340: valid pyklrwhuhgvessjxg
341: dropped
342: dropped
343: corrupt
344: corrupt
345: valid urmxkpryjlxoxudfyyi
346: dropped
347: corrupt
348: dropped
349: dropped
350: dropped
351: valid eboczuuwkzrsbhd
352: valid pdwpdyolwkiyagcbu
353: corrupt
354: dropped
355: dropped
356: corrupt
357: corrupt
358: corrupt
359: corrupt
360: corrupt
361: dropped
362: dropped
363: corrupt
364: valid fswcu
365: dropped
366: corrupt
367: corrupt
368: corrupt
369: dropped
370: dropped
371: valid xytmqxpgpcmio
372: dropped
373: valid icdkphiu
374: dropped
375: corrupt
376: valid mxz
377: dropped
378: corrupt
379: valid rbvdxkqvjtdq
380: corrupt
381: corrupt
382: dropped
383: valid buftnnz
384: dropped
385: valid phkqqthpmyb
386: dropped
387: corrupt
388: corrupt
389: valid vbqcrxmcjsblwkxtkqay
390: dropped
391: corrupt
392: corrupt
393: corrupt
394: valid fmtltzum
395: valid jrilhgudliyybxtn
396: corrupt
397: valid aouvw
398: valid eruknzxvxvwuoljvn
399: corrupt
400: dropped
401: dropped
402: valid ezlzivgv
403: dropped
404: corrupt
405: valid fvzbdr
406: valid rrhzliqiixfq
407: valid u
408: corrupt
409: dropped
410: corrupt
411: valid kshhdhv
412: valid synq
413: valid uyzpfzyuurrlrgdb
414: valid izapwepofeedbybcqieq
415: valid h
416: corrupt
417: dropped
418: corrupt
419: corrupt
420: corrupt
421: valid lyzclhu
422: dropped
423: corrupt
424: corrupt
425: dropped
426: dropped
427: dropped
428: valid usfcalpynsluofdp
429: corrupt
430: dropped
431: valid ujkbobvdyiizmql
432: dropped
433: valid xwuiig
434: corrupt
435: valid ukdfjpvwyclxahfjpcbx
436: corrupt
437: corrupt
438: dropped
439: valid zgvivnihdhug
440: valid rjhupitxqkhgucbsscap
441: valid etdj
442: valid qikhrrbhbvguhpab
443: valid wmewdquilz
444: dropped
445: valid wkyqsmplbpvzzotakth
446: valid fcbgeviecqb
447: valid rgcjrgyohyeaapu
448: corrupt
449: corrupt
450: corrupt
451: dropped
452: corrupt
453: dropped
454: valid otxllgnvfxprn
455: valid ign
456: corrupt
457: dropped
458: dropped
459: valid nfpjqdcirkurlxar
460: valid kqoqetsuqrzt
461: corrupt
462: dropped
463: valid kqruflkqxjsvle
464: corrupt
465: corrupt
466: corrupt
467: corrupt
468: corrupt
469: valid czeiebmylmjkgoz
470: valid prhiviodppspaebmmp
471: corrupt
472: dropped
473: dropped
474: dropped
475: valid vipbtwkqdolexru
476: dropped
477: corrupt
478: corrupt
479: corrupt
480: dropped
481: corrupt
482: valid zlyularsvieqcsknc
483: valid dbu
484: dropped
485: corrupt
486: corrupt
487: corrupt
488: corrupt
489: valid tvrxczwvbweu
490: dropped
491: dropped
492: corrupt
493: corrupt
494: corrupt
495: corrupt
496: valid nvqorlfozwv
497: corrupt
498: dropped
499: corrupt
500: valid degutpl
501: corrupt
502: dropped
503: valid effpcku
504: dropped
505: corrupt
506: dropped
507: valid gcfxppwyzcghmsvqxai
508: dropped
509: dropped
510: dropped
511: valid vmff
512: dropped
513: corrupt
514: corrupt
515: valid abff
516: corrupt
517: valid nuop
518: dropped
519: valid rkheitgodueqbsyytan
520: corrupt
521: valid angffszttifno
522: dropped
523: valid piphndtw
524: dropped
525: valid qtryughzlzzguj
526: dropped
527: corrupt
528: dropped
529: dropped
530: valid fqffzzrhgaqs
531: valid sesxwzexav
532: valid xybfjtangosxhooffo
533: valid uy
534: dropped
535: corrupt
536: valid nromaed
537: valid nzhztwhhmmo
538: corrupt
539: valid jdc
540: valid xoli
541: corrupt
542: corrupt
543: dropped
544: valid janrnzrcx
545: corrupt
546: dropped
547: corrupt
548: corrupt
549: dropped
550: valid jvdlqyzxph
551: corrupt
552: corrupt
553: corrupt
554: valid ccpavnkomjpumuhjkbb
555: corrupt
556: dropped
557: dropped
558: dropped
559: valid fisqhjj
560: valid yviia
561: corrupt
562: corrupt
563: valid fnoel
564: valid csmqrizbtbvdtdtmfx
565: valid eftvkjjquppykd
566: valid g
567: corrupt
568: valid snddifsxmzyzibdvhaf
569: corrupt
570: valid zduqepcfcb
571: dropped
572: corrupt
573: dropped
574: valid hwimarhl
575: corrupt
576: corrupt
577: corrupt
578: valid j
579: corrupt
580: valid fswhmcortlzkjg
581: valid pebbkubpspuuhvdppb
582: dropped
583: dropped
584: corrupt
585: dropped
586: dropped
587: corrupt
588: valid yc
589: valid grtnqpuoinucjk
590: corrupt
591: valid ilieproigbjvttzs
592: corrupt
593: corrupt
594: corrupt
595: dropped
596: corrupt
597: corrupt
598: corrupt
599: corrupt
600: valid ehij
601: valid sdccnibotmliejeewbj
602: corrupt
603: dropped
604: dropped
605: corrupt
606: dropped
607: corrupt
608: valid rrhojhdynjxdx
609: dropped
610: corrupt
611: corrupt
612: corrupt
613: corrupt
614: corrupt
615: valid frusmnzxqayvclx
616: corrupt
617: corrupt
618: valid tk
619: corrupt
620: valid xvo
621: dropped
622: dropped
623: corrupt
624: corrupt
625: valid iwnfrdpmrj
626: dropped
627: valid vgovrrzjfuakeocnkdv
628: dropped
629: valid avuom
630: corrupt
631: valid fzv
632: corrupt
633: valid umiajtufrbhmpam
634: valid gird
635: dropped
636: valid rytslzhrjaxnrud
637: corrupt
638: valid qf
639: valid gfrxauevlrwq
640: valid sbtoxgtukxngofnz
641: dropped
642: valid x
643: valid ravzwodrcaxxwjxjrn
644: valid mvytstbmrfukipjefoxh
645: dropped
646: corrupt
647: valid xuncaxf
648: dropped
649: corrupt
650: valid powtw
651: dropped
652: corrupt
653: dropped
654: valid ttokegalxnzvqwd
655: dropped
656: valid ablcnuvnmxhohckvmqeo
657: valid mcwpfxserqilvj
658: corrupt
659: dropped
660: dropped
661: corrupt
662: dropped
663: dropped
664: corrupt
665: dropped
666: dropped
667: dropped
668: dropped
669: corrupt
670: corrupt
671: dropped
672: valid suw
673: valid qtraevf
674: valid end
