0: dropped
1: valid dizhhsi
2: dropped
3: dropped
4: corrupt
5: corrupt
6: corrupt
7: dropped
8: valid zkrng
9: corrupt
10: valid dasnqua
11: dropped
12: valid pronuogjhalojuf
13: dropped
14: valid aqgklt
15: valid qobpcsgqgcholoqxeztj
16: corrupt
17: valid kz
18: dropped
19: corrupt
20: valid hvoaicfkiulbwldc
21: corrupt
22: valid nnhipypnp
23: corrupt
24: corrupt
25: corrupt
26: dropped
27: valid tfafl
28: dropped
29: corrupt
30: valid ijlpijpupzgiojgktoeo
31: corrupt
32: dropped
33: corrupt
34: corrupt
35: valid sjowx
36: valid nslyutmf
37: valid luuducsvollohajqo
38: corrupt
39: valid dyasgsorpiwjnogdbr
40: dropped
41: valid fajmst
42: dropped
43: corrupt
44: valid jjv
45: valid tjghrmklgselvqzn
46: corrupt
47: corrupt
48: corrupt
49: valid a
50: valid cxugii
51: dropped
52: valid cddazjihhyp
53: valid pelpspoxfqzitbje
54: dropped
55: valid ftsy
56: corrupt
57: dropped
58: corrupt
59: dropped
60: corrupt
61: valid qvolrrpegzxjgs
62: dropped
63: corrupt
64: valid h
65: valid ybqxqwpje
66: dropped
67: valid w
68: dropped
69: dropped
70: valid nhgjygixjiiqaa
71: dropped
72: corrupt
73: corrupt
74: dropped
75: valid ukunbvcbbiw
76: corrupt
77: valid olhdlsylnwwntr
78: dropped
79: corrupt
80: valid yahmoe
81: valid xbyaoycuwlohjp
82: corrupt
83: valid udyue
84: dropped
85: valid iquwx
86: dropped
87: dropped
88: corrupt
89: corrupt
90: valid ef
91: corrupt
92: corrupt
93: corrupt
94: valid ucn
95: corrupt
96: valid v
97: valid vqzldmyziaoto
98: valid aqgqqfxucuduqa
99: valid vwtibhgdqhrjvkaycio
100: valid lmqiqnysttnsoxtwewo
101: corrupt
102: valid vckmvm
103: dropped
104: valid pesfgb
105: valid ozvqxh
106: corrupt
107: dropped
108: corrupt
109: dropped
110: dropped
111: corrupt
112: valid iilplxnykdqvfoa
113: valid xflwujixzg
114: valid jgoqtmkeuiganxif
115: corrupt
116: valid mgtscdad
117: dropped
118: dropped
119: valid vygrtiutnpt
120: corrupt
121: valid cuh
122: valid zwmfxsmsrwaahdkzxn
123: corrupt
124: dropped
125: corrupt
126: valid dvyruoblhdwwhbsq
127: dropped
128: valid uuznqnqbwvzsddmvzerd
129: valid jnrhpoynnujnk
130: valid adzyd
131: corrupt
132: corrupt
133: valid ddgznvjpym
134: valid kvsndannkcawoy
135: dropped
136: corrupt
137: dropped
138: corrupt
139: valid gnloljjywlo
140: corrupt
141: corrupt
142: valid piotwjoaihhrvdqpglcb
143: valid eoeyjicdj
144: valid ynmjborlwlg
145: dropped
146: dropped
147: dropped
148: dropped
149: dropped
150: dropped
151: valid vwrzilpiybr
152: corrupt
153: valid rhspat
154: corrupt
155: dropped
156: dropped
157: corrupt
158: valid end
